###############################################################################
#
# IAR ELF Linker V9.10.2.313/W64 for ARM                  13/Nov/2021  22:03:50
# Copyright 2007-2021 IAR Systems AB.
#
#    Output file  =  I:\new shit\Debug\Exe\newshit.out
#    Map file     =  I:\new shit\Debug\List\newshit.map
#    Command line =
#        -f "I:\new shit\Debug\Exe\newshit.out.rsp" ("I:\new
#        shit\Debug\Obj\DIO.o" "I:\new shit\Debug\Obj\main.o"
#        --no_out_extension -o "I:\new shit\Debug\Exe\newshit.out" --redirect
#        _Printf=_PrintfFullNoMb --redirect _Scanf=_ScanfFullNoMb --map "I:\new
#        shit\Debug\List\newshit.map" --config "C:\Program Files\IAR
#        Systems\Embedded Workbench
#        9.0\arm\config\linker\TexasInstruments\TM4C123GH6.icf" --semihosting
#        --entry __iar_program_start --vfe --text_out locale)
#
###############################################################################

*******************************************************************************
*** RUNTIME MODEL ATTRIBUTES
***

CppFlavor       = *
__SystemLibrary = DLib
__dlib_version  = 6


*******************************************************************************
*** HEAP SELECTION
***

The basic heap was selected because some modules are built with
size limitations (and not runtime checking), and --advanced_heap
was not specified.


*******************************************************************************
*** PLACEMENT SUMMARY
***

"A0":  place at address 0x0 { ro section .intvec };
"P1":  place in [from 0x0 to 0x3'ffff] { ro };
define block CSTACK with size = 4K, alignment = 8 { };
define block HEAP with size = 8K, alignment = 8 { };
"P2":  place in [from 0x2000'0000 to 0x2000'7fff] {
          rw, block CSTACK, block HEAP };
initialize by copy { rw };

  Section            Kind         Address    Size  Object
  -------            ----         -------    ----  ------
"A0":                                        0x40
  .intvec            ro code          0x0    0x40  vector_table_M.o [4]
                                   - 0x40    0x40

"P1":                                       0x67c
  .text              ro code         0x40   0x368  DIO.o [1]
  .text              ro code        0x3a8   0x110  main.o [1]
  .text              ro code        0x4b8    0x9c  rand.o [2]
  .text              ro code        0x554    0x38  zero_init3.o [4]
  Initializer bytes  const          0x58c    0x30  <for P2-1>
  .text              ro code        0x5bc    0x2a  copy_init3.o [4]
  .text              ro code        0x5e6     0x2  vectortrap_M.o [4]
  .text              ro code        0x5e8    0x28  data_init.o [4]
  .text              ro code        0x610    0x22  fpinit_M.o [3]
  .iar.init_table    const          0x634    0x24  - Linker created -
  .text              ro code        0x658    0x1e  cmain.o [4]
  .text              ro code        0x676     0x4  low_level_init.o [2]
  .text              ro code        0x67a     0x4  exit.o [2]
  .text              ro code        0x680     0xa  cexit.o [4]
  .text              ro code        0x68c    0x14  exit.o [5]
  .text              ro code        0x6a0    0x1c  cstartup_M.o [4]
  .rodata            const          0x6bc     0x0  zero_init3.o [4]
  .rodata            const          0x6bc     0x0  copy_init3.o [4]
                                  - 0x6bc   0x67c

"P2", part 1 of 3:                           0x30
  P2-1                        0x2000'0000    0x30  <Init block>
    .data            inited   0x2000'0000    0x28  main.o [1]
    .data            inited   0x2000'0028     0x8  rand.o [2]
                            - 0x2000'0030    0x30

"P2", part 2 of 3:                           0x84
  .bss               zero     0x2000'0030    0x84  rand.o [2]
                            - 0x2000'00b4    0x84

"P2", part 3 of 3:                         0x1000
  CSTACK                      0x2000'00b8  0x1000  <Block>
    CSTACK           uninit   0x2000'00b8  0x1000  <Block tail>
                            - 0x2000'10b8  0x1000

Unused ranges:

         From           To      Size
         ----           --      ----
        0x6bc     0x3'ffff  0x3'f944
  0x2000'00b4  0x2000'00b7       0x4
  0x2000'10b8  0x2000'7fff    0x6f48


*******************************************************************************
*** INIT TABLE
***

          Address      Size
          -------      ----
Zero (__iar_zero_init3)
    1 destination range, total size 0x84:
          0x2000'0030  0x84

Copy (__iar_copy_init3)
    1 source range, total size 0x30:
                0x58c  0x30
    1 destination range, total size 0x30:
          0x2000'0000  0x30



*******************************************************************************
*** MODULE SUMMARY
***

    Module            ro code  ro data  rw data
    ------            -------  -------  -------
command line/config:
    -------------------------------------------
    Total:

I:\new shit\Debug\Obj: [1]
    DIO.o                 872
    main.o                272       40       40
    -------------------------------------------
    Total:              1'144       40       40

dl7M_tln.a: [2]
    exit.o                  4
    low_level_init.o        4
    rand.o                156        8      140
    -------------------------------------------
    Total:                164        8      140

m7M_tls.a: [3]
    fpinit_M.o             34
    -------------------------------------------
    Total:                 34

rt7M_tl.a: [4]
    cexit.o                10
    cmain.o                30
    copy_init3.o           42
    cstartup_M.o           28
    data_init.o            40
    vector_table_M.o       64
    vectortrap_M.o          2
    zero_init3.o           56
    -------------------------------------------
    Total:                272

shb_l.a: [5]
    exit.o                 20
    -------------------------------------------
    Total:                 20

    Gaps                    4        2
    Linker created                  36    4'096
-----------------------------------------------
    Grand Total:        1'638       86    4'276


*******************************************************************************
*** ENTRY LIST
***

Entry                       Address   Size  Type      Object
-----                       -------   ----  ----      ------
.iar.init_table$$Base         0x634          --   Gb  - Linker created -
.iar.init_table$$Limit        0x658          --   Gb  - Linker created -
?main                         0x659         Code  Gb  cmain.o [4]
BusFault_Handler              0x5e7         Code  Wk  vectortrap_M.o [4]
CSTACK$$Base            0x2000'00b8          --   Gb  - Linker created -
CSTACK$$Limit           0x2000'10b8          --   Gb  - Linker created -
DIO_DEN_PORT                   0xef   0x7a  Code  Gb  DIO.o [1]
DIO_Direction_PORT             0x6f   0x80  Code  Gb  DIO.o [1]
DIO_PullUP_pin                0x1e3   0x76  Code  Gb  DIO.o [1]
DIO_Write_pin                 0x169   0x7a  Code  Gb  DIO.o [1]
DIO_clear_pin                 0x2c9   0x76  Code  Gb  DIO.o [1]
DIO_init_clk                   0x41   0x2e  Code  Gb  DIO.o [1]
DIO_read_pin                  0x259   0x70  Code  Gb  DIO.o [1]
DebugMon_Handler              0x5e7         Code  Wk  vectortrap_M.o [4]
HardFault_Handler             0x5e7         Code  Wk  vectortrap_M.o [4]
MemManage_Handler             0x5e7         Code  Wk  vectortrap_M.o [4]
NMI_Handler                   0x5e7         Code  Wk  vectortrap_M.o [4]
PendSV_Handler                0x5e7         Code  Wk  vectortrap_M.o [4]
Region$$Table$$Base           0x634          --   Gb  - Linker created -
Region$$Table$$Limit          0x658          --   Gb  - Linker created -
SVC_Handler                   0x5e7         Code  Wk  vectortrap_M.o [4]
SysTick_Handler               0x5e7         Code  Wk  vectortrap_M.o [4]
UsageFault_Handler            0x5e7         Code  Wk  vectortrap_M.o [4]
_Rand_idx               0x2000'00b0    0x4  Data  Lc  rand.o [2]
_Rand_rv                0x2000'0030   0x80  Data  Lc  rand.o [2]
_Randinit               0x2000'0028    0x1  Data  Gb  rand.o [2]
_Randseed               0x2000'002c    0x4  Data  Gb  rand.o [2]
__cmain                       0x659         Code  Gb  cmain.o [4]
__exit                        0x68d   0x14  Code  Gb  exit.o [5]
__iar_copy_init3              0x5bd   0x2a  Code  Gb  copy_init3.o [4]
__iar_data_init3              0x5e9   0x28  Code  Gb  data_init.o [4]
__iar_init_vfp                0x611         Code  Gb  fpinit_M.o [3]
__iar_program_start           0x6a1         Code  Gb  cstartup_M.o [4]
__iar_zero_init3              0x555   0x38  Code  Gb  zero_init3.o [4]
__low_level_init              0x677    0x4  Code  Gb  low_level_init.o [2]
__vector_table                  0x0         Data  Gb  vector_table_M.o [4]
_call_main                    0x665         Code  Gb  cmain.o [4]
_exit                         0x681         Code  Gb  cexit.o [4]
exit                          0x67b    0x4  Code  Gb  exit.o [2]
main                          0x3a9  0x110  Code  Gb  main.o [1]
rand                          0x4b9   0x8a  Code  Gb  rand.o [2]
x                       0x2000'0000   0x28  Data  Gb  main.o [1]


[1] = I:\new shit\Debug\Obj
[2] = dl7M_tln.a
[3] = m7M_tls.a
[4] = rt7M_tl.a
[5] = shb_l.a

  1'638 bytes of readonly  code memory
     86 bytes of readonly  data memory
  4'276 bytes of readwrite data memory

Errors: none
Warnings: none
